[
	[
		{
			"symbol": "_",
			"items": []
		},
		{
			"symbol": "_",
			"items": []
		},
		{
			"symbol": "_",
			"items": []
		},
		{
			"symbol": "_",
			"items": []
		},
		{
			"symbol": "_",
			"items": []
		},
		{
			"symbol": "_",
			"items": []
		}
	],
	[
		{
			"symbol": "_",
			"items": []
		},
		{
			"symbol": "_",
			"items": []
		},
		{
			"symbol": "_",
			"items": []
		},
		{
			"symbol": "_",
			"items": []
		},
		{
			"symbol": "_",
			"items": []
		},
		{
			"symbol": "_",
			"items": []
		}
	],
	[
		{
			"symbol": "_",
			"items": []
		},
		{
			"symbol": "_",
			"items": []
		},
		{
			"symbol": "_",
			"items": []
		},
		{
			"symbol": "_",
			"items": []
		},
		{
			"symbol": "_",
			"items": []
		},
		{
			"symbol": "_",
			"items": []
		}
	],
	[
		{
			"symbol": "_",
			"items": []
		},
		{
			"symbol": "_",
			"items": []
		},
		{
			"symbol": "_",
			"items": []
		},
		{
			"symbol": "_",
			"items": [],
			"start": true
		},
		{
			"symbol": "_",
			"items": []
		},
		{
			"symbol": "_",
			"items": []
		}
	],
	[
		{
			"symbol": "_",
			"items": []
		},
		{
			"symbol": "_",
			"items": []
		},
		{
			"symbol": "_",
			"items": []
		},
		{
			"symbol": "_",
			"items": []
		},
		{
			"symbol": "_",
			"items": []
		},
		{
			"symbol": "_",
			"items": []
		}
	],
	[
		{
			"symbol": "_",
			"items": []
		},
		{
			"symbol": "_",
			"items": []
		},
		{
			"symbol": "_",
			"items": []
		},
		{
			"symbol": "_",
			"items": []
		},
		{
			"symbol": "_",
			"items": []
		},
		{
			"symbol": "_",
			"items": []
		}
	]
]